>>> BaseGeometry = __import__('7-base_geometry').BaseGeometry
>>> bg = BaseGeometry()

# area() must raise the specified Exception
>>> try:
...     bg.area()
... except Exception as e:
...     print(f"[{e.__class__.__name__}] {e}")
[Exception] area() is not implemented

# Valid integers: should not print anything
>>> bg.integer_validator("my_int", 12)
>>> bg.integer_validator("width", 89)

# Not an integer → TypeError with exact message
>>> try:
...     bg.integer_validator("name", "John")
... except Exception as e:
...     print(f"[{e.__class__.__name__}] {e}")
[TypeError] name must be an integer

# Zero → ValueError with exact message
>>> try:
...     bg.integer_validator("age", 0)
... except Exception as e:
...     print(f"[{e.__class__.__name__}] {e}")
[ValueError] age must be greater than 0

# Negative → ValueError with exact message
>>> try:
...     bg.integer_validator("distance", -4)
... except Exception as e:
...     print(f"[{e.__class__.__name__}] {e}")
[ValueError] distance must be greater than 0

# Optional strictness: bool should be rejected (since bool < int)
>>> try:
...     bg.integer_validator("flag", True)
... except Exception as e:
...     print(f"[{e.__class__.__name__}] {e}")
[TypeError] flag must be an integer
